User: Invalid Flight ID.

User: Invalid Flight ID.

User: Imported 51 locations.

User: Successfully added Flight 0.

User: Successfully added Flight 1.

User: Booked 20 passengers on flight 0 for a total cost of $19365.60

User: Invalid Flight ID.

User: Invalid Flight ID.

User: Invalid number of passengers to book.

User: Invalid number of passengers to book.

User: Invalid number of passengers to book.

User: Booked 20 passengers on flight 0 for a total cost of $18486.35

User: Booked 130 passengers on flight 0 for a total cost of $120680.80

User: Booked 9 passengers on flight 0 for a total cost of $9687.37

User: Booked 1 passengers on flight 0 for a total cost of $1077.49
Flight is now full.

User: Booked 0 passengers on flight 0 for a total cost of $0.00
Flight is now full.

User: Application closed.


