User: Successfully added location Berlin.

User: Successfully added location NewYork.

User: Successfully added Flight 0.

User: Successfully added Flight 1.

User: Application closed.
