User: Imported 51 locations.

User: Successfully added Flight 0.

User: Successfully added Flight 1.

User: Successfully added Flight 2.

User: Scheduling conflict! This flight clashes with Flight 0 arriving at NewYork on Monday 04:52.

User: Scheduling conflict! This flight clashes with Flight 2 departing from NewYork on Monday 03:51.

User: Application closed.
