User: Exported 0 flights.

User: Error reading file.

User: Imported 51 locations.

User: Successfully added Flight 0.

User: Successfully added Flight 1.

User: Successfully added Flight 2.

User: Exported 3 flights.

User: Application closed.
