User: Imported 45 locations.
6 lines were invalid.

User: Imported 120 flights.
63 lines were invalid.

User: Starting location not found.

User: Ending location not found.

User: Successfully added location shanghai.

User: Successfully added location Hongkong.

User: Sorry, no flights with 3 or less stopovers are available from shanghai to Hongkong.

User: Legs:             2
Total Duration:   53h 37m
Total Cost:       $5074.94
-------------------------------------------------------------
ID   Cost      Departure   Arrival     Source --> Destination
-------------------------------------------------------------
   1 $ 3399.00 Wed 10:00   Thu 02:44   Sydney --> AbuDhabi
LAYOVER 29h 16m at AbuDhabi
  14 $ 1675.94 Fri 08:00   Fri 15:37   AbuDhabi --> London

User: Invalid sorting property: must be either cost, duration, stopovers, layover, or flight_time.

User: Legs:             2
Total Duration:   108h 37m
Total Cost:       $5074.94
-------------------------------------------------------------
ID   Cost      Departure   Arrival     Source --> Destination
-------------------------------------------------------------
   1 $ 3399.00 Wed 10:00   Thu 02:44   Sydney --> AbuDhabi
LAYOVER 84h 16m at AbuDhabi
  25 $ 1675.94 Sun 15:00   Sun 22:37   AbuDhabi --> London

User: Application closed.
