User: Locations (0):
(None)

User: Successfully added location Berlin.

User: Successfully added location NewYork.

User: Locations (2):
Berlin, NewYork

User: Imported 49 locations.
2 lines were invalid.

User: Locations (51):
AbuDhabi, Adelaide, AliceSprings, Alta, Athens, Auckland, Beijing, Berlin, Bern, Bordeaux, Brisbane, Cairo, Cardiff, Chicago, CoffsHarbour, Dallas, Darwin, Dubai, Dubbo, GoldCoast, Hanoi, Hobart, Houston, Jakarta, Johannesburg, Lagos, Liverpool, London, Longyearbyen, LosAngeles, Luton, Madrid, Manchester, Moscow, NewYork, Orange, Oslo, Paris, Perth, Rio, Rome, SanFrancisco, Stockholm, Sydney, Toulouse, Townsville, Tromso, Ufa, Utqiagvik, Vladivostok, Washington

User: Application closed.

